2025-09-09 09:14:28,629 - __main__ - WARNING - Starting Froth Flotation Authentication Service
2025-09-09 09:14:28,629 - __main__ - WARNING - Log file: C:\@Python Projects\Froth_Flotation_Research_Project\logs\authentication_service.log
2025-09-09 09:14:28,629 - __main__ - WARNING - Service: Flask Authentication Server
2025-09-09 09:14:28,629 - __main__ - WARNING - Port: 8051
2025-09-09 09:32:25,984 - __main__ - WARNING - Starting Froth Flotation Authentication Service
2025-09-09 09:32:25,985 - __main__ - WARNING - Log file: C:\@Python Projects\Froth_Flotation_Research_Project\logs\authentication_service.log
2025-09-09 09:32:25,985 - __main__ - WARNING - Service: Flask Authentication Server
2025-09-09 09:32:25,985 - __main__ - WARNING - Port: 8051
2025-09-09 09:49:05,658 - __main__ - WARNING - Starting Froth Flotation Authentication Service
2025-09-09 09:49:05,658 - __main__ - WARNING - Log file: C:\@Python Projects\Froth_Flotation_Research_Project\logs\authentication_service.log
2025-09-09 09:49:05,658 - __main__ - WARNING - Service: Flask Authentication Server
2025-09-09 09:49:05,658 - __main__ - WARNING - Port: 8051
2025-09-09 09:56:21,372 - __main__ - WARNING - Starting Froth Flotation Authentication Service
2025-09-09 09:56:21,373 - __main__ - WARNING - Log file: C:\@Python Projects\Froth_Flotation_Research_Project\logs\authentication_service.log
2025-09-09 09:56:21,373 - __main__ - WARNING - Service: Flask Authentication Server
2025-09-09 09:56:21,373 - __main__ - WARNING - Port: 8051
2025-09-09 09:59:10,010 - __main__ - WARNING - Starting Froth Flotation Authentication Service
2025-09-09 09:59:10,010 - __main__ - WARNING - Log file: C:\@Python Projects\Froth_Flotation_Research_Project\logs\authentication_service.log
2025-09-09 09:59:10,010 - __main__ - WARNING - Service: Flask Authentication Server
2025-09-09 09:59:10,011 - __main__ - WARNING - Port: 8051
2025-09-09 10:01:31,573 - __main__ - WARNING - No valid Authorization header found
2025-09-09 11:03:39,966 - __main__ - WARNING - Starting Froth Flotation Authentication Service
2025-09-09 11:03:39,966 - __main__ - WARNING - Log file: C:\@Python Projects\Froth_Flotation_Research_Project\logs\authentication_service.log
2025-09-09 11:03:39,966 - __main__ - WARNING - Service: Flask Authentication Server
2025-09-09 11:03:39,966 - __main__ - WARNING - Port: 8051
2025-09-09 11:05:56,360 - __main__ - WARNING - Starting Froth Flotation Authentication Service
2025-09-09 11:05:56,361 - __main__ - WARNING - Log file: C:\@Python Projects\Froth_Flotation_Research_Project\logs\authentication_service.log
2025-09-09 11:05:56,361 - __main__ - WARNING - Service: Flask Authentication Server
2025-09-09 11:05:56,361 - __main__ - WARNING - Port: 8051
2025-09-09 11:07:16,677 - __main__ - WARNING - Starting Froth Flotation Authentication Service
2025-09-09 11:07:16,678 - __main__ - WARNING - Log file: C:\@Python Projects\Froth_Flotation_Research_Project\logs\authentication_service.log
2025-09-09 11:07:16,678 - __main__ - WARNING - Service: Flask Authentication Server
2025-09-09 11:07:16,678 - __main__ - WARNING - Port: 8051
2025-09-09 11:09:50,610 - __main__ - WARNING - No valid Authorization header found
2025-09-09 11:11:14,929 - __main__ - WARNING - Starting Froth Flotation Authentication Service
2025-09-09 11:11:14,930 - __main__ - WARNING - Log file: C:\@Python Projects\Froth_Flotation_Research_Project\logs\authentication_service.log
2025-09-09 11:11:14,930 - __main__ - WARNING - Service: Flask Authentication Server
2025-09-09 11:11:14,930 - __main__ - WARNING - Port: 8051
2025-09-09 11:12:14,005 - __main__ - WARNING - No valid Authorization header found
2025-09-09 11:13:59,635 - __main__ - WARNING - No valid Authorization header found
2025-09-09 11:19:07,164 - __main__ - WARNING - No valid Authorization header found
2025-09-09 11:20:55,376 - __main__ - WARNING - No valid Authorization header found
2025-09-09 11:21:50,626 - __main__ - WARNING - No valid Authorization header found
2025-09-09 11:22:48,144 - __main__ - WARNING - No valid Authorization header found
2025-09-09 11:23:50,787 - __main__ - WARNING - No valid Authorization header found
2025-09-09 12:08:11,885 - __main__ - WARNING - Starting Froth Flotation Authentication Service
2025-09-09 12:08:11,885 - __main__ - WARNING - Log file: C:\@Python Projects\Froth_Flotation_Research_Project\logs\authentication_service.log
2025-09-09 12:08:11,885 - __main__ - WARNING - Service: Flask Authentication Server
2025-09-09 12:08:11,885 - __main__ - WARNING - Port: 8051
2025-09-09 13:31:40,720 - __main__ - WARNING - Starting Froth Flotation Authentication Service
2025-09-09 13:31:40,721 - __main__ - WARNING - Log file: C:\@Python Projects\Froth_Flotation_Research_Project\logs\authentication_service.log
2025-09-09 13:31:40,721 - __main__ - WARNING - Service: Flask Authentication Server
2025-09-09 13:31:40,721 - __main__ - WARNING - Port: 8051
